// Jest Snapshot v1, https://goo.gl/fbAQLP

exports[`runProcess should work 1`] = `
{
  "debugCalls": [
    [
      "⌛ - Delay service initialized.",
    ],
    [
      "⏰ - Time service initialized.",
    ],
    [
      "⏳ - Cancelling pending timeouts:",
      0,
    ],
    [
      "✅ - Closing HTTP server.",
    ],
    [
      "✔️ - HTTP server closed!",
    ],
    [
      "❤️ - Initializing the APM service.",
    ],
    [
      "👣 - Logging service initialized.",
    ],
    [
      "💱 - HTTP Transaction initialized.",
    ],
    [
      "📇 - Process service initialized.",
    ],
    [
      "🕶️ - Initializing the obfuscator service.",
    ],
    [
      "🚦 - HTTP Router initialized.",
    ],
  ],
  "logErrorCalls": [
    [
      "🎙️ - HTTP Server listening at "http://localhost:8888".",
    ],
    [
      "On air 🚀🌕",
    ],
  ],
  "logInfoCalls": [],
}
`;
