// Jest Snapshot v1, https://goo.gl/fbAQLP

exports[`augmentAPIWithVersionsHeaders() should work 1`] = `
{
  "components": {
    "parameters": {
      "xApiVersion": {
        "example": "1.1.2-beta.1",
        "in": "header",
        "name": "X-API-Version",
        "required": false,
        "schema": {
          "pattern": "^(0|[1-9]\\d*)\\.(0|[1-9]\\d*)\\.(0|[1-9]\\d*)(?:-((?:0|[1-9]\\d*|\\d*[a-zA-Z-][0-9a-zA-Z-]*)(?:\\.(?:0|[1-9]\\d*|\\d*[a-zA-Z-][0-9a-zA-Z-]*))*))?(?:\\+([0-9a-zA-Z-]+(?:\\.[0-9a-zA-Z-]+)*))?$",
          "type": "string",
        },
      },
      "xAppVersion": {
        "example": "1.1.2-beta.1",
        "in": "header",
        "name": "X-APP-Version",
        "required": false,
        "schema": {
          "pattern": "^(0|[1-9]\\d*)\\.(0|[1-9]\\d*)\\.(0|[1-9]\\d*)(?:-((?:0|[1-9]\\d*|\\d*[a-zA-Z-][0-9a-zA-Z-]*)(?:\\.(?:0|[1-9]\\d*|\\d*[a-zA-Z-][0-9a-zA-Z-]*))*))?(?:\\+([0-9a-zA-Z-]+(?:\\.[0-9a-zA-Z-]+)*))?$",
          "type": "string",
        },
      },
      "xSdkVersion": {
        "example": "1.1.2-beta.1",
        "in": "header",
        "name": "X-SDK-Version",
        "required": false,
        "schema": {
          "pattern": "^(0|[1-9]\\d*)\\.(0|[1-9]\\d*)\\.(0|[1-9]\\d*)(?:-((?:0|[1-9]\\d*|\\d*[a-zA-Z-][0-9a-zA-Z-]*)(?:\\.(?:0|[1-9]\\d*|\\d*[a-zA-Z-][0-9a-zA-Z-]*))*))?(?:\\+([0-9a-zA-Z-]+(?:\\.[0-9a-zA-Z-]+)*))?$",
          "type": "string",
        },
      },
    },
  },
  "info": {
    "description": "A sample Swagger file for testing purpose.",
    "title": "Sample Swagger",
    "version": "1.0.0",
  },
  "openapi": "3.1.0",
  "paths": {
    "/ping": {
      "get": {
        "operationId": "getPing",
        "parameters": [
          {
            "$ref": "#/components/parameters/xApiVersion",
          },
          {
            "$ref": "#/components/parameters/xSdkVersion",
          },
          {
            "$ref": "#/components/parameters/xAppVersion",
          },
        ],
        "responses": {
          "200": {
            "content": {
              "application/json": {
                "schema": {
                  "additionalProperties": false,
                  "properties": {
                    "pong": {
                      "enum": [
                        "pong",
                      ],
                      "type": "string",
                    },
                  },
                  "type": "object",
                },
              },
            },
            "description": "Pong",
          },
        },
        "summary": "Checks API's availability.",
        "tags": [
          "system",
        ],
      },
    },
  },
}
`;

exports[`wrapRouteHandlerWithVersionChecker() should work with beta app version headers 1`] = `
{
  "logCalls": [
    [
      "debug",
      "游닌 - Initializing the version checker wrapper.",
    ],
  ],
  "response": {
    "body": {
      "pong": "pong",
    },
    "headers": {
      "X-Node-ENV": "test",
    },
    "status": 200,
  },
}
`;

exports[`wrapRouteHandlerWithVersionChecker() should work with good api version headers 1`] = `
{
  "logCalls": [
    [
      "debug",
      "游닌 - Initializing the version checker wrapper.",
    ],
  ],
  "response": {
    "body": {
      "pong": "pong",
    },
    "headers": {
      "X-Node-ENV": "test",
    },
    "status": 200,
  },
}
`;

exports[`wrapRouteHandlerWithVersionChecker() should work with good app version headers 1`] = `
{
  "logCalls": [
    [
      "debug",
      "游닌 - Initializing the version checker wrapper.",
    ],
  ],
  "response": {
    "body": {
      "pong": "pong",
    },
    "headers": {
      "X-Node-ENV": "test",
    },
    "status": 200,
  },
}
`;

exports[`wrapRouteHandlerWithVersionChecker() should work with good sdk version headers 1`] = `
{
  "logCalls": [
    [
      "debug",
      "游닌 - Initializing the version checker wrapper.",
    ],
  ],
  "response": {
    "body": {
      "pong": "pong",
    },
    "headers": {
      "X-Node-ENV": "test",
    },
    "status": 200,
  },
}
`;

exports[`wrapRouteHandlerWithVersionChecker() should work with no version headers 1`] = `
{
  "logCalls": [
    [
      "debug",
      "游닌 - Initializing the version checker wrapper.",
    ],
  ],
  "response": {
    "body": {
      "pong": "pong",
    },
    "headers": {
      "X-Node-ENV": "test",
    },
    "status": 200,
  },
}
`;
