// Jest Snapshot v1, https://goo.gl/fbAQLP

exports[`initHTTPServer should close even with opened sockets when using DESTROY_SOCKETS 1`] = `
{
  "httpRouterCalls": [],
  "logCalls": [],
}
`;

exports[`initHTTPServer should proxy server close errors 1`] = `
{
  "errorCode": "E_ERROR",
  "errorParams": [],
  "httpRouterCalls": [],
  "logCalls": [],
}
`;

exports[`initHTTPServer should proxy server fatal errors 1`] = `
{
  "errorCode": "E_HTTP_SERVER_ERROR",
  "errorParams": [],
  "httpRouterCalls": [],
  "logCalls": [],
}
`;

exports[`initHTTPServer should serve the router 1`] = `
{
  "logCalls": [],
  "status": 200,
}
`;

exports[`initHTTPServer should work with instantly destroyed connections 1`] = `
{
  "httpRouterCalls": [],
  "logCalls": [],
}
`;

exports[`initHTTPServer should work with keepalive connections 1`] = `
{
  "httpRouterCalls": [],
  "logCalls": [
    [
      "warning",
      "üéôÔ∏è - HTTP Server listening at "http://localhost:7777".",
    ],
    [
      "debug",
      "‚úÖ - Closing HTTP server.",
    ],
    [
      "debug",
      "‚úîÔ∏è - HTTP server closed!",
    ],
  ],
}
`;
