// Jest Snapshot v1, https://goo.gl/fbAQLP

exports[`getOAuth2Authorize should redirect 2`] = `
{
  "codeGranterAcknowledgerAcknowledgeCalls": [],
  "codeGranterAuthenticatorAuthenticateCalls": [],
  "codeGranterAuthorizerAuthorizeCalls": [
    [
      {
        "clientId": "abbacaca-abba-caca-abba-cacaabbacaca",
        "redirectURI": "https://www.example.com",
        "scope": "user",
      },
      {},
    ],
  ],
  "logCalls": [],
  "tokenGranterAcknowledgerAcknowledgeCalls": [],
  "tokenGranterAuthorizerAuthorizeCalls": [],
}
`;

exports[`getOAuth2Authorize should redirect with an error when some 2`] = `
{
  "codeGranterAcknowledgerAcknowledgeCalls": [],
  "codeGranterAuthenticatorAuthenticateCalls": [],
  "codeGranterAuthorizerAuthorizeCalls": [],
  "logCalls": [
    [
      "debug",
      "ðŸ‘« - OAuth2 initialization error",
      "E_UNKNOWN_AUTHORIZER_TYPE",
    ],
  ],
  "tokenGranterAcknowledgerAcknowledgeCalls": [],
  "tokenGranterAuthorizerAuthorizeCalls": [],
}
`;
