// Jest Snapshot v1, https://goo.gl/fbAQLP

exports[`OAuth2CodeGranter should work with a complete valid flow 2`] = `
{
  "checkApplicationCalls": [
    [
      {
        "applicationId": "abbacaca-abba-caca-abba-cacaabbacaca",
        "redirectURI": "https://www.example.com/oauth2/code",
        "scope": "user",
        "type": "code",
      },
    ],
    [
      {
        "applicationId": "abbacaca-abba-caca-abba-cacaabbacaca",
        "scope": "",
        "type": "code",
      },
    ],
  ],
  "logCalls": [
    [
      "debug",
      "ðŸ‘« - OAuth2CodeGranter Service Initialized!",
    ],
  ],
  "oAuth2CodeCheckCalls": [
    [
      {
        "applicationId": "abbacaca-abba-caca-abba-cacaabbacaca",
        "scope": "user",
      },
      "yolo",
      "https://www.example.com/oauth2/code",
      "",
    ],
  ],
  "oAuth2CodeCreateCalls": [
    [
      {
        "applicationId": "abbacaca-abba-caca-abba-cacaabbacaca",
        "scope": "user",
      },
      "https://www.example.com/oauth2/code",
      {
        "codeChallenge": "",
        "codeChallengeMethod": "plain",
      },
    ],
  ],
}
`;
