// Jest Snapshot v1, https://goo.gl/fbAQLP

exports[`augmentAPIWithCORS() should work 1`] = `
{
  "components": {
    "parameters": {
      "full": {
        "in": "query",
        "name": "full",
        "required": true,
        "schema": {
          "type": "boolean",
        },
      },
      "retry": {
        "in": "query",
        "name": "retry",
        "required": false,
        "schema": {
          "type": "boolean",
        },
      },
      "userId": {
        "in": "path",
        "name": "userId",
        "required": true,
        "schema": {
          "type": "number",
        },
      },
    },
    "schemas": {
      "user": {
        "additionalProperties": true,
        "type": "object",
      },
    },
    "securitySchemes": {
      "oAuth2": {
        "flows": {},
        "type": "oauth2",
      },
    },
  },
  "info": {
    "description": "A sample OpenAPI file for testing purpose.",
    "title": "Sample OpenAPI",
    "version": "1.0.0",
  },
  "openapi": "3.1.0",
  "paths": {
    "/crons/tokens": {
      "post": {
        "operationId": "ping",
        "responses": {
          "200": {
            "description": "Pong",
          },
        },
        "summary": "Checks API's availability.",
        "x-whook": {
          "type": "cron",
        },
      },
    },
    "/ping": {
      "get": {
        "operationId": "getPing",
        "responses": {
          "200": {
            "description": "Pong",
          },
        },
        "summary": "Checks API's availability.",
      },
      "options": {
        "operationId": "optionsPing",
        "responses": {
          "200": {
            "description": "Ping options",
          },
        },
        "summary": "Provides ping options.",
      },
    },
    "/users/{userid}": {
      "get": {
        "operationId": "getUser",
        "parameters": [
          {
            "$ref": "#/components/parameters/userId",
          },
          {
            "$ref": "#/components/parameters/full",
          },
          {
            "$ref": "#/components/parameters/retry",
          },
        ],
        "responses": {
          "200": {
            "content": {
              "application/json": {
                "schema": {
                  "$ref": "#/components/schemas/user",
                },
              },
            },
            "description": "The user",
          },
        },
        "security": [
          {
            "oAuth2": [
              "user",
            ],
          },
        ],
        "summary": "Return a user.",
      },
      "head": {
        "operationId": "getUser",
        "parameters": [
          {
            "$ref": "#/components/parameters/userId",
          },
          {
            "$ref": "#/components/parameters/full",
          },
          {
            "$ref": "#/components/parameters/retry",
          },
        ],
        "responses": {
          "200": {
            "description": "The user",
          },
        },
        "security": [
          {
            "oAuth2": [
              "user",
            ],
          },
        ],
        "summary": "Return a user.",
      },
      "options": {
        "operationId": "optionsWithCORS",
        "parameters": [
          {
            "$ref": "#/components/parameters/userId",
          },
          {
            "in": "query",
            "name": "full",
            "required": false,
            "schema": {
              "type": "boolean",
            },
          },
          {
            "$ref": "#/components/parameters/retry",
          },
          {
            "in": "query",
            "name": "access_token",
            "schema": {
              "type": "string",
            },
          },
        ],
        "responses": {
          "200": {
            "description": "CORS sent.",
          },
        },
        "summary": "Enable OPTIONS for CORS",
        "tags": [
          "CORS",
        ],
        "x-whook": {
          "private": true,
          "sourceOperationId": "getUser",
          "suffix": "CORS",
          "type": "http",
        },
      },
    },
  },
}
`;
