// Jest Snapshot v1, https://goo.gl/fbAQLP

exports[`runServer should authenticate users 1`] = `
Object {
  "data": Object {
    "transactions": Object {
      "1": Object {
        "errored": false,
        "id": "1",
        "ip": "127.0.0.1",
        "method": "GET",
        "protocol": "http",
        "reqHeaders": Object {
          "accept": "application/json, text/plain, */*",
          "authorization": "Fa...1",
          "connection": "close",
          "host": "localhost:9999",
          "user-agent": "__avoid_axios_version__",
        },
        "startInBytes": 177,
        "startOutBytes": 0,
        "startTime": 1390694400000,
        "url": "/v4/diag",
      },
    },
  },
  "debugCalls": Array [
    Array [
      "‚è≥ - Cleared a delay",
    ],
    Array [
      "‚è≥ - Created a delay:",
      30000,
    ],
  ],
  "headers": Object {
    "access-control-allow-headers": "Accept,Accept-Encoding,Accept-Language,Referrer,Content-Type,Content-Encoding,Authorization,Keep-Alive,User-Agent",
    "access-control-allow-methods": "GET,POST,PUT,DELETE,OPTIONS",
    "access-control-allow-origin": "*",
    "connection": "close",
    "content-type": "application/json",
    "date": undefined,
    "transaction-id": "1",
    "transfer-encoding": "chunked",
    "vary": "Origin",
    "x-authenticated": "{\\"applicationId\\":\\"1\\",\\"scope\\":\\"admin\\",\\"userId\\":\\"1\\"}",
  },
  "logErrorCalls": Array [],
  "logInfoCalls": Array [
    Array [
      "CALL",
      "{\\"id\\":\\"1\\",\\"protocol\\":\\"http\\",\\"ip\\":\\"127.0.0.1\\",\\"startInBytes\\":177,\\"startOutBytes\\":0,\\"startTime\\":1390694400000,\\"url\\":\\"/v4/diag\\",\\"method\\":\\"GET\\",\\"reqHeaders\\":{\\"accept\\":\\"application/json, text/plain, */*\\",\\"authorization\\":\\"Fa...1\\",\\"user-agent\\":\\"__avoid_axios_version__\\",\\"host\\":\\"localhost:9999\\",\\"connection\\":\\"close\\"},\\"errored\\":false,\\"endTime\\":1390694400000,\\"endInBytes\\":177,\\"endOutBytes\\":833,\\"statusCode\\":200,\\"resHeaders\\":{\\"content-type\\":\\"application/json\\",\\"X-Authenticated\\":\\"{\\\\\\"applicationId\\\\\\":\\\\\\"1\\\\\\",\\\\\\"scope\\\\\\":\\\\\\"admin\\\\\\",\\\\\\"userId\\\\\\":\\\\\\"1\\\\\\"}\\",\\"Access-Control-Allow-Origin\\":\\"*\\",\\"Access-Control-Allow-Methods\\":\\"GET,POST,PUT,DELETE,OPTIONS\\",\\"Access-Control-Allow-Headers\\":\\"Accept,Accept-Encoding,Accept-Language,Referrer,Content-Type,Content-Encoding,Authorization,Keep-Alive,User-Agent\\",\\"Vary\\":\\"Origin\\"},\\"operationId\\":\\"getDiagnostic\\"}",
    ],
  ],
  "status": 200,
}
`;

exports[`runServer should fail with bad fake tokens 1`] = `
Object {
  "data": Object {
    "error": "invalid_fake_token",
    "error_debug_data": Object {
      "guruMeditation": "2",
    },
    "error_description": "The provided token (\\"e-admin\\") do not match",
  },
  "debugCalls": Array [
    Array [
      "‚è≥ - Cleared a delay",
    ],
    Array [
      "‚è≥ - Created a delay:",
      30000,
    ],
  ],
  "headers": Object {
    "access-control-allow-headers": "Accept,Accept-Encoding,Accept-Language,Referrer,Content-Type,Content-Encoding,Authorization,Keep-Alive,User-Agent",
    "access-control-allow-methods": "GET,POST,PUT,DELETE,OPTIONS",
    "access-control-allow-origin": "*",
    "cache-control": "private",
    "connection": "close",
    "content-type": "application/json",
    "date": undefined,
    "transaction-id": "2",
    "transfer-encoding": "chunked",
    "vary": "Origin",
  },
  "logErrorCalls": Array [],
  "logInfoCalls": Array [
    Array [
      "CALL",
      "{\\"id\\":\\"2\\",\\"protocol\\":\\"http\\",\\"ip\\":\\"127.0.0.1\\",\\"startInBytes\\":175,\\"startOutBytes\\":0,\\"startTime\\":1390694400000,\\"url\\":\\"/v4/diag\\",\\"method\\":\\"GET\\",\\"reqHeaders\\":{\\"accept\\":\\"application/json, text/plain, */*\\",\\"authorization\\":\\"Fa...n\\",\\"user-agent\\":\\"__avoid_axios_version__\\",\\"host\\":\\"localhost:9999\\",\\"connection\\":\\"close\\"},\\"errored\\":true,\\"endTime\\":1390694400000,\\"endInBytes\\":175,\\"endOutBytes\\":588,\\"statusCode\\":400,\\"resHeaders\\":{\\"content-type\\":\\"application/json\\",\\"Access-Control-Allow-Origin\\":\\"*\\",\\"Access-Control-Allow-Methods\\":\\"GET,POST,PUT,DELETE,OPTIONS\\",\\"Access-Control-Allow-Headers\\":\\"Accept,Accept-Encoding,Accept-Language,Referrer,Content-Type,Content-Encoding,Authorization,Keep-Alive,User-Agent\\",\\"Vary\\":\\"Origin\\",\\"cache-control\\":\\"private\\"},\\"operationId\\":\\"getDiagnostic\\"}",
    ],
  ],
  "status": 400,
}
`;

exports[`runServer should ping 1`] = `
Object {
  "data": Object {
    "pong": "pong",
  },
  "debugCalls": Array [
    Array [
      "‚è≥ - Cleared a delay",
    ],
    Array [
      "‚è≥ - Created a delay:",
      30000,
    ],
    Array [
      "üîì - Public endpoint detected, letting the call pass through!",
    ],
  ],
  "headers": Object {
    "access-control-allow-headers": "Accept,Accept-Encoding,Accept-Language,Referrer,Content-Type,Content-Encoding,Authorization,Keep-Alive,User-Agent",
    "access-control-allow-methods": "GET,POST,PUT,DELETE,OPTIONS",
    "access-control-allow-origin": "*",
    "connection": "close",
    "content-type": "application/json",
    "date": undefined,
    "transaction-id": "0",
    "transfer-encoding": "chunked",
    "vary": "Origin",
    "x-node-env": "test",
  },
  "logErrorCalls": Array [],
  "logInfoCalls": Array [
    Array [
      "CALL",
      "{\\"id\\":\\"0\\",\\"protocol\\":\\"http\\",\\"ip\\":\\"127.0.0.1\\",\\"startInBytes\\":146,\\"startOutBytes\\":0,\\"startTime\\":1390694400000,\\"url\\":\\"/v4/ping\\",\\"method\\":\\"GET\\",\\"reqHeaders\\":{\\"accept\\":\\"application/json, text/plain, */*\\",\\"user-agent\\":\\"__avoid_axios_version__\\",\\"host\\":\\"localhost:9999\\",\\"connection\\":\\"close\\"},\\"errored\\":false,\\"endTime\\":1390694400000,\\"endInBytes\\":146,\\"endOutBytes\\":447,\\"statusCode\\":200,\\"resHeaders\\":{\\"content-type\\":\\"application/json\\",\\"X-Node-ENV\\":\\"test\\",\\"Access-Control-Allow-Origin\\":\\"*\\",\\"Access-Control-Allow-Methods\\":\\"GET,POST,PUT,DELETE,OPTIONS\\",\\"Access-Control-Allow-Headers\\":\\"Accept,Accept-Encoding,Accept-Language,Referrer,Content-Type,Content-Encoding,Authorization,Keep-Alive,User-Agent\\",\\"Vary\\":\\"Origin\\"},\\"operationId\\":\\"getPing\\"}",
    ],
  ],
  "status": 200,
}
`;

exports[`runServer should work 1`] = `
Object {
  "debugCalls": Array [
    Array [
      "Error: ENOENT: no such file or directory, open '/home/whoiam/projects/whook/packages/whook-example/.env.test'",
    ],
    Array [
      "‚åõ - Delay service initialized.",
    ],
    Array [
      "‚ôªÔ∏è - Loading the environment service.",
    ],
    Array [
      "‚ù§Ô∏è - Initializing the APM service.",
    ],
    Array [
      "‚û∞ - Plugin \\"@whook/aws-lambda\\" resolved to: /home/whoiam/projects/whook/packages/whook-aws-lambda/dist",
    ],
    Array [
      "‚û∞ - Plugin \\"@whook/cli\\" resolved to: /home/whoiam/projects/whook/packages/whook-cli/dist",
    ],
    Array [
      "‚û∞ - Plugin \\"@whook/cors\\" resolved to: /home/whoiam/projects/whook/packages/whook-cors/dist",
    ],
    Array [
      "‚û∞ - Plugin \\"@whook/whook\\" resolved to: /home/whoiam/projects/whook/dist",
    ],
    Array [
      "üàÅ - Generated the BASE_URL constant:",
      "http://localhost:9999",
    ],
    Array [
      "üàÅ - Generating the API_DEFINITIONS",
    ],
    Array [
      "üàÅ - Handler module at /home/whoiam/projects/whook/packages/whook-cors/dist/handlers/optionsWithCORS exports no definition!",
    ],
    Array [
      "üè≠ - Initializing the CONFIGS service.",
    ],
    Array [
      "üë£ - Logging service initialized.",
    ],
    Array [
      "üí± - HTTP Transaction initialized.",
    ],
    Array [
      "üíø - Loading API initializer from /home/whoiam/projects/whook/packages/whook-example/src/services/API.ts.",
    ],
    Array [
      "üíø - Loading BASE_URL initializer from /home/whoiam/projects/whook/dist/services/BASE_URL.js.",
    ],
    Array [
      "üíø - Loading FILTER_API_TAGS initializer from /home/whoiam/projects/whook/packages/whook-example/src/services/FILTER_API_TAGS.ts.",
    ],
    Array [
      "üíø - Loading MECHANISMS initializer from /home/whoiam/projects/whook/packages/whook-example/src/services/MECHANISMS.ts.",
    ],
    Array [
      "üíø - Loading QUERY_PARSER initializer from /home/whoiam/projects/whook/packages/whook-example/src/services/QUERY_PARSER.ts.",
    ],
    Array [
      "üíø - Loading WRAPPERS initializer from /home/whoiam/projects/whook/packages/whook-example/src/services/WRAPPERS.ts.",
    ],
    Array [
      "üíø - Loading authentication initializer from /home/whoiam/projects/whook/packages/whook-example/src/services/authentication.ts.",
    ],
    Array [
      "üíø - Loading getDelayWrapped initializer from /home/whoiam/projects/whook/packages/whook-example/src/handlers/getDelay.ts.",
    ],
    Array [
      "üíø - Loading getDiagnosticWrapped initializer from /home/whoiam/projects/whook/packages/whook-example/src/handlers/getDiagnostic.ts.",
    ],
    Array [
      "üíø - Loading getOpenAPIWrapped initializer from /home/whoiam/projects/whook/packages/whook-example/src/handlers/getOpenAPI.ts.",
    ],
    Array [
      "üíø - Loading getPingWrapped initializer from /home/whoiam/projects/whook/dist/handlers/getPing.js.",
    ],
    Array [
      "üíø - Loading getTimeWrapped initializer from /home/whoiam/projects/whook/packages/whook-example/src/handlers/getTime.ts.",
    ],
    Array [
      "üíø - Loading handleMessagesWrapped initializer from /home/whoiam/projects/whook/packages/whook-example/src/handlers/handleMessages.ts.",
    ],
    Array [
      "üíø - Loading handleMinutesWrapped initializer from /home/whoiam/projects/whook/packages/whook-example/src/handlers/handleMinutes.ts.",
    ],
    Array [
      "üíø - Loading optionsWithCORSWrapped initializer from /home/whoiam/projects/whook/packages/whook-cors/dist/handlers/optionsWithCORS.js.",
    ],
    Array [
      "üíø - Loading putEchoWrapped initializer from /home/whoiam/projects/whook/packages/whook-example/src/handlers/putEcho.ts.",
    ],
    Array [
      "üíø - Service \\"API\\" found in: /home/whoiam/projects/whook/packages/whook-example/src/services/API.ts",
    ],
    Array [
      "üíø - Service \\"BASE_URL\\" found in: /home/whoiam/projects/whook/dist/services/BASE_URL.js",
    ],
    Array [
      "üíø - Service \\"FILTER_API_TAGS\\" found in: /home/whoiam/projects/whook/packages/whook-example/src/services/FILTER_API_TAGS.ts",
    ],
    Array [
      "üíø - Service \\"MECHANISMS\\" found in: /home/whoiam/projects/whook/packages/whook-example/src/services/MECHANISMS.ts",
    ],
    Array [
      "üíø - Service \\"QUERY_PARSER\\" found in: /home/whoiam/projects/whook/packages/whook-example/src/services/QUERY_PARSER.ts",
    ],
    Array [
      "üíø - Service \\"WRAPPERS\\" found in: /home/whoiam/projects/whook/packages/whook-example/src/services/WRAPPERS.ts",
    ],
    Array [
      "üíø - Service \\"authentication\\" found in: /home/whoiam/projects/whook/packages/whook-example/src/services/authentication.ts",
    ],
    Array [
      "üíø - Service \\"getDelayWrapped\\" found in: /home/whoiam/projects/whook/packages/whook-example/src/handlers/getDelay.ts",
    ],
    Array [
      "üíø - Service \\"getDiagnosticWrapped\\" found in: /home/whoiam/projects/whook/packages/whook-example/src/handlers/getDiagnostic.ts",
    ],
    Array [
      "üíø - Service \\"getOpenAPIWrapped\\" found in: /home/whoiam/projects/whook/packages/whook-example/src/handlers/getOpenAPI.ts",
    ],
    Array [
      "üíø - Service \\"getPingWrapped\\" found in: /home/whoiam/projects/whook/dist/handlers/getPing.js",
    ],
    Array [
      "üíø - Service \\"getTimeWrapped\\" found in: /home/whoiam/projects/whook/packages/whook-example/src/handlers/getTime.ts",
    ],
    Array [
      "üíø - Service \\"handleMessagesWrapped\\" found in: /home/whoiam/projects/whook/packages/whook-example/src/handlers/handleMessages.ts",
    ],
    Array [
      "üíø - Service \\"handleMinutesWrapped\\" found in: /home/whoiam/projects/whook/packages/whook-example/src/handlers/handleMinutes.ts",
    ],
    Array [
      "üíø - Service \\"optionsWithCORSWrapped\\" found in: /home/whoiam/projects/whook/packages/whook-cors/dist/handlers/optionsWithCORS.js",
    ],
    Array [
      "üíø - Service \\"putEchoWrapped\\" found in: /home/whoiam/projects/whook/packages/whook-example/src/handlers/putEcho.ts",
    ],
    Array [
      "üìá - Process service initialized.",
    ],
    Array [
      "üîê - Initializing the authorization wrapper for \\"getDelay\\".",
    ],
    Array [
      "üîê - Initializing the authorization wrapper for \\"getDiagnostic\\".",
    ],
    Array [
      "üîê - Initializing the authorization wrapper for \\"getOpenAPI\\".",
    ],
    Array [
      "üîê - Initializing the authorization wrapper for \\"getPing\\".",
    ],
    Array [
      "üîê - Initializing the authorization wrapper for \\"getTime\\".",
    ],
    Array [
      "üîê - Initializing the authorization wrapper for \\"handleMessages\\".",
    ],
    Array [
      "üîê - Initializing the authorization wrapper for \\"handleMinutes\\".",
    ],
    Array [
      "üîê - Initializing the authorization wrapper for \\"optionsWithCORS\\".",
    ],
    Array [
      "üîê - Initializing the authorization wrapper for \\"putEcho\\".",
    ],
    Array [
      "üîß - Initializing auth mechanisms",
    ],
    Array [
      "üï∂Ô∏è - Initializing the obfuscator service.",
    ],
    Array [
      "üö¶ - HTTP Router initialized.",
    ],
    Array [
      "üö´ - Could not load \\".env.test\\" file.",
    ],
    Array [
      "üö´ - Service \\"BASE_URL\\" not found in: /home/whoiam/projects/whook/packages/whook-aws-lambda/dist/services/BASE_URL",
    ],
    Array [
      "üö´ - Service \\"BASE_URL\\" not found in: /home/whoiam/projects/whook/packages/whook-cli/dist/services/BASE_URL",
    ],
    Array [
      "üö´ - Service \\"BASE_URL\\" not found in: /home/whoiam/projects/whook/packages/whook-cors/dist/services/BASE_URL",
    ],
    Array [
      "üö´ - Service \\"BASE_URL\\" not found in: /home/whoiam/projects/whook/packages/whook-example/src/services/BASE_URL",
    ],
    Array [
      "üö´ - Service \\"BUFFER_LIMIT\\" not found in: /home/whoiam/projects/whook/dist/services/BUFFER_LIMIT",
    ],
    Array [
      "üö´ - Service \\"BUFFER_LIMIT\\" not found in: /home/whoiam/projects/whook/packages/whook-aws-lambda/dist/services/BUFFER_LIMIT",
    ],
    Array [
      "üö´ - Service \\"BUFFER_LIMIT\\" not found in: /home/whoiam/projects/whook/packages/whook-cli/dist/services/BUFFER_LIMIT",
    ],
    Array [
      "üö´ - Service \\"BUFFER_LIMIT\\" not found in: /home/whoiam/projects/whook/packages/whook-cors/dist/services/BUFFER_LIMIT",
    ],
    Array [
      "üö´ - Service \\"BUFFER_LIMIT\\" not found in: /home/whoiam/projects/whook/packages/whook-example/src/services/BUFFER_LIMIT",
    ],
    Array [
      "üö´ - Service \\"DECODERS\\" not found in: /home/whoiam/projects/whook/dist/services/DECODERS",
    ],
    Array [
      "üö´ - Service \\"DECODERS\\" not found in: /home/whoiam/projects/whook/packages/whook-aws-lambda/dist/services/DECODERS",
    ],
    Array [
      "üö´ - Service \\"DECODERS\\" not found in: /home/whoiam/projects/whook/packages/whook-cli/dist/services/DECODERS",
    ],
    Array [
      "üö´ - Service \\"DECODERS\\" not found in: /home/whoiam/projects/whook/packages/whook-cors/dist/services/DECODERS",
    ],
    Array [
      "üö´ - Service \\"DECODERS\\" not found in: /home/whoiam/projects/whook/packages/whook-example/src/services/DECODERS",
    ],
    Array [
      "üö´ - Service \\"DEFAULT_ERROR_CODE\\" not found in: /home/whoiam/projects/whook/dist/services/DEFAULT_ERROR_CODE",
    ],
    Array [
      "üö´ - Service \\"DEFAULT_ERROR_CODE\\" not found in: /home/whoiam/projects/whook/packages/whook-aws-lambda/dist/services/DEFAULT_ERROR_CODE",
    ],
    Array [
      "üö´ - Service \\"DEFAULT_ERROR_CODE\\" not found in: /home/whoiam/projects/whook/packages/whook-cli/dist/services/DEFAULT_ERROR_CODE",
    ],
    Array [
      "üö´ - Service \\"DEFAULT_ERROR_CODE\\" not found in: /home/whoiam/projects/whook/packages/whook-cors/dist/services/DEFAULT_ERROR_CODE",
    ],
    Array [
      "üö´ - Service \\"DEFAULT_ERROR_CODE\\" not found in: /home/whoiam/projects/whook/packages/whook-example/src/services/DEFAULT_ERROR_CODE",
    ],
    Array [
      "üö´ - Service \\"DEFAULT_MECHANISM\\" not found in: /home/whoiam/projects/whook/dist/services/DEFAULT_MECHANISM",
    ],
    Array [
      "üö´ - Service \\"DEFAULT_MECHANISM\\" not found in: /home/whoiam/projects/whook/packages/whook-aws-lambda/dist/services/DEFAULT_MECHANISM",
    ],
    Array [
      "üö´ - Service \\"DEFAULT_MECHANISM\\" not found in: /home/whoiam/projects/whook/packages/whook-cli/dist/services/DEFAULT_MECHANISM",
    ],
    Array [
      "üö´ - Service \\"DEFAULT_MECHANISM\\" not found in: /home/whoiam/projects/whook/packages/whook-cors/dist/services/DEFAULT_MECHANISM",
    ],
    Array [
      "üö´ - Service \\"DEFAULT_MECHANISM\\" not found in: /home/whoiam/projects/whook/packages/whook-example/src/services/DEFAULT_MECHANISM",
    ],
    Array [
      "üö´ - Service \\"DEV_ACCESS_TOKEN\\" not found in: /home/whoiam/projects/whook/dist/services/DEV_ACCESS_TOKEN",
    ],
    Array [
      "üö´ - Service \\"DEV_ACCESS_TOKEN\\" not found in: /home/whoiam/projects/whook/packages/whook-aws-lambda/dist/services/DEV_ACCESS_TOKEN",
    ],
    Array [
      "üö´ - Service \\"DEV_ACCESS_TOKEN\\" not found in: /home/whoiam/projects/whook/packages/whook-cli/dist/services/DEV_ACCESS_TOKEN",
    ],
    Array [
      "üö´ - Service \\"DEV_ACCESS_TOKEN\\" not found in: /home/whoiam/projects/whook/packages/whook-cors/dist/services/DEV_ACCESS_TOKEN",
    ],
    Array [
      "üö´ - Service \\"DEV_ACCESS_TOKEN\\" not found in: /home/whoiam/projects/whook/packages/whook-example/src/services/DEV_ACCESS_TOKEN",
    ],
    Array [
      "üö´ - Service \\"ENCODERS\\" not found in: /home/whoiam/projects/whook/dist/services/ENCODERS",
    ],
    Array [
      "üö´ - Service \\"ENCODERS\\" not found in: /home/whoiam/projects/whook/packages/whook-aws-lambda/dist/services/ENCODERS",
    ],
    Array [
      "üö´ - Service \\"ENCODERS\\" not found in: /home/whoiam/projects/whook/packages/whook-cli/dist/services/ENCODERS",
    ],
    Array [
      "üö´ - Service \\"ENCODERS\\" not found in: /home/whoiam/projects/whook/packages/whook-cors/dist/services/ENCODERS",
    ],
    Array [
      "üö´ - Service \\"ENCODERS\\" not found in: /home/whoiam/projects/whook/packages/whook-example/src/services/ENCODERS",
    ],
    Array [
      "üö´ - Service \\"IGNORED_FILES_PREFIXES\\" not found in: /home/whoiam/projects/whook/dist/services/IGNORED_FILES_PREFIXES",
    ],
    Array [
      "üö´ - Service \\"IGNORED_FILES_PREFIXES\\" not found in: /home/whoiam/projects/whook/packages/whook-aws-lambda/dist/services/IGNORED_FILES_PREFIXES",
    ],
    Array [
      "üö´ - Service \\"IGNORED_FILES_PREFIXES\\" not found in: /home/whoiam/projects/whook/packages/whook-cli/dist/services/IGNORED_FILES_PREFIXES",
    ],
    Array [
      "üö´ - Service \\"IGNORED_FILES_PREFIXES\\" not found in: /home/whoiam/projects/whook/packages/whook-cors/dist/services/IGNORED_FILES_PREFIXES",
    ],
    Array [
      "üö´ - Service \\"IGNORED_FILES_PREFIXES\\" not found in: /home/whoiam/projects/whook/packages/whook-example/src/services/IGNORED_FILES_PREFIXES",
    ],
    Array [
      "üö´ - Service \\"IGNORED_FILES_SUFFIXES\\" not found in: /home/whoiam/projects/whook/dist/services/IGNORED_FILES_SUFFIXES",
    ],
    Array [
      "üö´ - Service \\"IGNORED_FILES_SUFFIXES\\" not found in: /home/whoiam/projects/whook/packages/whook-aws-lambda/dist/services/IGNORED_FILES_SUFFIXES",
    ],
    Array [
      "üö´ - Service \\"IGNORED_FILES_SUFFIXES\\" not found in: /home/whoiam/projects/whook/packages/whook-cli/dist/services/IGNORED_FILES_SUFFIXES",
    ],
    Array [
      "üö´ - Service \\"IGNORED_FILES_SUFFIXES\\" not found in: /home/whoiam/projects/whook/packages/whook-cors/dist/services/IGNORED_FILES_SUFFIXES",
    ],
    Array [
      "üö´ - Service \\"IGNORED_FILES_SUFFIXES\\" not found in: /home/whoiam/projects/whook/packages/whook-example/src/services/IGNORED_FILES_SUFFIXES",
    ],
    Array [
      "üö´ - Service \\"KEEP_ALIVE_TIMEOUT\\" not found in: /home/whoiam/projects/whook/dist/services/KEEP_ALIVE_TIMEOUT",
    ],
    Array [
      "üö´ - Service \\"KEEP_ALIVE_TIMEOUT\\" not found in: /home/whoiam/projects/whook/packages/whook-aws-lambda/dist/services/KEEP_ALIVE_TIMEOUT",
    ],
    Array [
      "üö´ - Service \\"KEEP_ALIVE_TIMEOUT\\" not found in: /home/whoiam/projects/whook/packages/whook-cli/dist/services/KEEP_ALIVE_TIMEOUT",
    ],
    Array [
      "üö´ - Service \\"KEEP_ALIVE_TIMEOUT\\" not found in: /home/whoiam/projects/whook/packages/whook-cors/dist/services/KEEP_ALIVE_TIMEOUT",
    ],
    Array [
      "üö´ - Service \\"KEEP_ALIVE_TIMEOUT\\" not found in: /home/whoiam/projects/whook/packages/whook-example/src/services/KEEP_ALIVE_TIMEOUT",
    ],
    Array [
      "üö´ - Service \\"MAX_CLEAR_CHARS\\" not found in: /home/whoiam/projects/whook/dist/services/MAX_CLEAR_CHARS",
    ],
    Array [
      "üö´ - Service \\"MAX_CLEAR_CHARS\\" not found in: /home/whoiam/projects/whook/packages/whook-aws-lambda/dist/services/MAX_CLEAR_CHARS",
    ],
    Array [
      "üö´ - Service \\"MAX_CLEAR_CHARS\\" not found in: /home/whoiam/projects/whook/packages/whook-cli/dist/services/MAX_CLEAR_CHARS",
    ],
    Array [
      "üö´ - Service \\"MAX_CLEAR_CHARS\\" not found in: /home/whoiam/projects/whook/packages/whook-cors/dist/services/MAX_CLEAR_CHARS",
    ],
    Array [
      "üö´ - Service \\"MAX_CLEAR_CHARS\\" not found in: /home/whoiam/projects/whook/packages/whook-example/src/services/MAX_CLEAR_CHARS",
    ],
    Array [
      "üö´ - Service \\"MAX_CLEAR_RATIO\\" not found in: /home/whoiam/projects/whook/dist/services/MAX_CLEAR_RATIO",
    ],
    Array [
      "üö´ - Service \\"MAX_CLEAR_RATIO\\" not found in: /home/whoiam/projects/whook/packages/whook-aws-lambda/dist/services/MAX_CLEAR_RATIO",
    ],
    Array [
      "üö´ - Service \\"MAX_CLEAR_RATIO\\" not found in: /home/whoiam/projects/whook/packages/whook-cli/dist/services/MAX_CLEAR_RATIO",
    ],
    Array [
      "üö´ - Service \\"MAX_CLEAR_RATIO\\" not found in: /home/whoiam/projects/whook/packages/whook-cors/dist/services/MAX_CLEAR_RATIO",
    ],
    Array [
      "üö´ - Service \\"MAX_CLEAR_RATIO\\" not found in: /home/whoiam/projects/whook/packages/whook-example/src/services/MAX_CLEAR_RATIO",
    ],
    Array [
      "üö´ - Service \\"MAX_CONNECTIONS\\" not found in: /home/whoiam/projects/whook/dist/services/MAX_CONNECTIONS",
    ],
    Array [
      "üö´ - Service \\"MAX_CONNECTIONS\\" not found in: /home/whoiam/projects/whook/packages/whook-aws-lambda/dist/services/MAX_CONNECTIONS",
    ],
    Array [
      "üö´ - Service \\"MAX_CONNECTIONS\\" not found in: /home/whoiam/projects/whook/packages/whook-cli/dist/services/MAX_CONNECTIONS",
    ],
    Array [
      "üö´ - Service \\"MAX_CONNECTIONS\\" not found in: /home/whoiam/projects/whook/packages/whook-cors/dist/services/MAX_CONNECTIONS",
    ],
    Array [
      "üö´ - Service \\"MAX_CONNECTIONS\\" not found in: /home/whoiam/projects/whook/packages/whook-example/src/services/MAX_CONNECTIONS",
    ],
    Array [
      "üö´ - Service \\"MAX_HEADERS_COUNT\\" not found in: /home/whoiam/projects/whook/dist/services/MAX_HEADERS_COUNT",
    ],
    Array [
      "üö´ - Service \\"MAX_HEADERS_COUNT\\" not found in: /home/whoiam/projects/whook/packages/whook-aws-lambda/dist/services/MAX_HEADERS_COUNT",
    ],
    Array [
      "üö´ - Service \\"MAX_HEADERS_COUNT\\" not found in: /home/whoiam/projects/whook/packages/whook-cli/dist/services/MAX_HEADERS_COUNT",
    ],
    Array [
      "üö´ - Service \\"MAX_HEADERS_COUNT\\" not found in: /home/whoiam/projects/whook/packages/whook-cors/dist/services/MAX_HEADERS_COUNT",
    ],
    Array [
      "üö´ - Service \\"MAX_HEADERS_COUNT\\" not found in: /home/whoiam/projects/whook/packages/whook-example/src/services/MAX_HEADERS_COUNT",
    ],
    Array [
      "üö´ - Service \\"PARSERS\\" not found in: /home/whoiam/projects/whook/dist/services/PARSERS",
    ],
    Array [
      "üö´ - Service \\"PARSERS\\" not found in: /home/whoiam/projects/whook/packages/whook-aws-lambda/dist/services/PARSERS",
    ],
    Array [
      "üö´ - Service \\"PARSERS\\" not found in: /home/whoiam/projects/whook/packages/whook-cli/dist/services/PARSERS",
    ],
    Array [
      "üö´ - Service \\"PARSERS\\" not found in: /home/whoiam/projects/whook/packages/whook-cors/dist/services/PARSERS",
    ],
    Array [
      "üö´ - Service \\"PARSERS\\" not found in: /home/whoiam/projects/whook/packages/whook-example/src/services/PARSERS",
    ],
    Array [
      "üö´ - Service \\"PROCESS_NAME\\" not found in: /home/whoiam/projects/whook/dist/services/PROCESS_NAME",
    ],
    Array [
      "üö´ - Service \\"PROCESS_NAME\\" not found in: /home/whoiam/projects/whook/packages/whook-aws-lambda/dist/services/PROCESS_NAME",
    ],
    Array [
      "üö´ - Service \\"PROCESS_NAME\\" not found in: /home/whoiam/projects/whook/packages/whook-cli/dist/services/PROCESS_NAME",
    ],
    Array [
      "üö´ - Service \\"PROCESS_NAME\\" not found in: /home/whoiam/projects/whook/packages/whook-cors/dist/services/PROCESS_NAME",
    ],
    Array [
      "üö´ - Service \\"PROCESS_NAME\\" not found in: /home/whoiam/projects/whook/packages/whook-example/src/services/PROCESS_NAME",
    ],
    Array [
      "üö´ - Service \\"PROTOCOL\\" not found in: /home/whoiam/projects/whook/dist/services/PROTOCOL",
    ],
    Array [
      "üö´ - Service \\"PROTOCOL\\" not found in: /home/whoiam/projects/whook/packages/whook-aws-lambda/dist/services/PROTOCOL",
    ],
    Array [
      "üö´ - Service \\"PROTOCOL\\" not found in: /home/whoiam/projects/whook/packages/whook-cli/dist/services/PROTOCOL",
    ],
    Array [
      "üö´ - Service \\"PROTOCOL\\" not found in: /home/whoiam/projects/whook/packages/whook-cors/dist/services/PROTOCOL",
    ],
    Array [
      "üö´ - Service \\"PROTOCOL\\" not found in: /home/whoiam/projects/whook/packages/whook-example/src/services/PROTOCOL",
    ],
    Array [
      "üö´ - Service \\"REDUCED_FILES_SUFFIXES\\" not found in: /home/whoiam/projects/whook/dist/services/REDUCED_FILES_SUFFIXES",
    ],
    Array [
      "üö´ - Service \\"REDUCED_FILES_SUFFIXES\\" not found in: /home/whoiam/projects/whook/packages/whook-aws-lambda/dist/services/REDUCED_FILES_SUFFIXES",
    ],
    Array [
      "üö´ - Service \\"REDUCED_FILES_SUFFIXES\\" not found in: /home/whoiam/projects/whook/packages/whook-cli/dist/services/REDUCED_FILES_SUFFIXES",
    ],
    Array [
      "üö´ - Service \\"REDUCED_FILES_SUFFIXES\\" not found in: /home/whoiam/projects/whook/packages/whook-cors/dist/services/REDUCED_FILES_SUFFIXES",
    ],
    Array [
      "üö´ - Service \\"REDUCED_FILES_SUFFIXES\\" not found in: /home/whoiam/projects/whook/packages/whook-example/src/services/REDUCED_FILES_SUFFIXES",
    ],
    Array [
      "üö´ - Service \\"SENSIBLE_HEADERS\\" not found in: /home/whoiam/projects/whook/dist/services/SENSIBLE_HEADERS",
    ],
    Array [
      "üö´ - Service \\"SENSIBLE_HEADERS\\" not found in: /home/whoiam/projects/whook/packages/whook-aws-lambda/dist/services/SENSIBLE_HEADERS",
    ],
    Array [
      "üö´ - Service \\"SENSIBLE_HEADERS\\" not found in: /home/whoiam/projects/whook/packages/whook-cli/dist/services/SENSIBLE_HEADERS",
    ],
    Array [
      "üö´ - Service \\"SENSIBLE_HEADERS\\" not found in: /home/whoiam/projects/whook/packages/whook-cors/dist/services/SENSIBLE_HEADERS",
    ],
    Array [
      "üö´ - Service \\"SENSIBLE_HEADERS\\" not found in: /home/whoiam/projects/whook/packages/whook-example/src/services/SENSIBLE_HEADERS",
    ],
    Array [
      "üö´ - Service \\"SENSIBLE_PROPS\\" not found in: /home/whoiam/projects/whook/dist/services/SENSIBLE_PROPS",
    ],
    Array [
      "üö´ - Service \\"SENSIBLE_PROPS\\" not found in: /home/whoiam/projects/whook/packages/whook-aws-lambda/dist/services/SENSIBLE_PROPS",
    ],
    Array [
      "üö´ - Service \\"SENSIBLE_PROPS\\" not found in: /home/whoiam/projects/whook/packages/whook-cli/dist/services/SENSIBLE_PROPS",
    ],
    Array [
      "üö´ - Service \\"SENSIBLE_PROPS\\" not found in: /home/whoiam/projects/whook/packages/whook-cors/dist/services/SENSIBLE_PROPS",
    ],
    Array [
      "üö´ - Service \\"SENSIBLE_PROPS\\" not found in: /home/whoiam/projects/whook/packages/whook-example/src/services/SENSIBLE_PROPS",
    ],
    Array [
      "üö´ - Service \\"SHIELD_CHAR\\" not found in: /home/whoiam/projects/whook/dist/services/SHIELD_CHAR",
    ],
    Array [
      "üö´ - Service \\"SHIELD_CHAR\\" not found in: /home/whoiam/projects/whook/packages/whook-aws-lambda/dist/services/SHIELD_CHAR",
    ],
    Array [
      "üö´ - Service \\"SHIELD_CHAR\\" not found in: /home/whoiam/projects/whook/packages/whook-cli/dist/services/SHIELD_CHAR",
    ],
    Array [
      "üö´ - Service \\"SHIELD_CHAR\\" not found in: /home/whoiam/projects/whook/packages/whook-cors/dist/services/SHIELD_CHAR",
    ],
    Array [
      "üö´ - Service \\"SHIELD_CHAR\\" not found in: /home/whoiam/projects/whook/packages/whook-example/src/services/SHIELD_CHAR",
    ],
    Array [
      "üö´ - Service \\"SIGNALS\\" not found in: /home/whoiam/projects/whook/dist/services/SIGNALS",
    ],
    Array [
      "üö´ - Service \\"SIGNALS\\" not found in: /home/whoiam/projects/whook/packages/whook-aws-lambda/dist/services/SIGNALS",
    ],
    Array [
      "üö´ - Service \\"SIGNALS\\" not found in: /home/whoiam/projects/whook/packages/whook-cli/dist/services/SIGNALS",
    ],
    Array [
      "üö´ - Service \\"SIGNALS\\" not found in: /home/whoiam/projects/whook/packages/whook-cors/dist/services/SIGNALS",
    ],
    Array [
      "üö´ - Service \\"SIGNALS\\" not found in: /home/whoiam/projects/whook/packages/whook-example/src/services/SIGNALS",
    ],
    Array [
      "üö´ - Service \\"SOCKET_TIMEOUT\\" not found in: /home/whoiam/projects/whook/dist/services/SOCKET_TIMEOUT",
    ],
    Array [
      "üö´ - Service \\"SOCKET_TIMEOUT\\" not found in: /home/whoiam/projects/whook/packages/whook-aws-lambda/dist/services/SOCKET_TIMEOUT",
    ],
    Array [
      "üö´ - Service \\"SOCKET_TIMEOUT\\" not found in: /home/whoiam/projects/whook/packages/whook-cli/dist/services/SOCKET_TIMEOUT",
    ],
    Array [
      "üö´ - Service \\"SOCKET_TIMEOUT\\" not found in: /home/whoiam/projects/whook/packages/whook-cors/dist/services/SOCKET_TIMEOUT",
    ],
    Array [
      "üö´ - Service \\"SOCKET_TIMEOUT\\" not found in: /home/whoiam/projects/whook/packages/whook-example/src/services/SOCKET_TIMEOUT",
    ],
    Array [
      "üö´ - Service \\"STRINGIFYERS\\" not found in: /home/whoiam/projects/whook/dist/services/STRINGIFYERS",
    ],
    Array [
      "üö´ - Service \\"STRINGIFYERS\\" not found in: /home/whoiam/projects/whook/packages/whook-aws-lambda/dist/services/STRINGIFYERS",
    ],
    Array [
      "üö´ - Service \\"STRINGIFYERS\\" not found in: /home/whoiam/projects/whook/packages/whook-cli/dist/services/STRINGIFYERS",
    ],
    Array [
      "üö´ - Service \\"STRINGIFYERS\\" not found in: /home/whoiam/projects/whook/packages/whook-cors/dist/services/STRINGIFYERS",
    ],
    Array [
      "üö´ - Service \\"STRINGIFYERS\\" not found in: /home/whoiam/projects/whook/packages/whook-example/src/services/STRINGIFYERS",
    ],
    Array [
      "üö´ - Service \\"TIMEOUT\\" not found in: /home/whoiam/projects/whook/dist/services/TIMEOUT",
    ],
    Array [
      "üö´ - Service \\"TIMEOUT\\" not found in: /home/whoiam/projects/whook/packages/whook-aws-lambda/dist/services/TIMEOUT",
    ],
    Array [
      "üö´ - Service \\"TIMEOUT\\" not found in: /home/whoiam/projects/whook/packages/whook-cli/dist/services/TIMEOUT",
    ],
    Array [
      "üö´ - Service \\"TIMEOUT\\" not found in: /home/whoiam/projects/whook/packages/whook-cors/dist/services/TIMEOUT",
    ],
    Array [
      "üö´ - Service \\"TIMEOUT\\" not found in: /home/whoiam/projects/whook/packages/whook-example/src/services/TIMEOUT",
    ],
    Array [
      "üö´ - Service \\"getPingWrapped\\" not found in: /home/whoiam/projects/whook/packages/whook-aws-lambda/dist/handlers/getPing",
    ],
    Array [
      "üö´ - Service \\"getPingWrapped\\" not found in: /home/whoiam/projects/whook/packages/whook-cli/dist/handlers/getPing",
    ],
    Array [
      "üö´ - Service \\"getPingWrapped\\" not found in: /home/whoiam/projects/whook/packages/whook-cors/dist/handlers/getPing",
    ],
    Array [
      "üö´ - Service \\"getPingWrapped\\" not found in: /home/whoiam/projects/whook/packages/whook-example/src/handlers/getPing",
    ],
    Array [
      "üö´ - Service \\"optionsWithCORSWrapped\\" not found in: /home/whoiam/projects/whook/packages/whook-aws-lambda/dist/handlers/optionsWithCORS",
    ],
    Array [
      "üö´ - Service \\"optionsWithCORSWrapped\\" not found in: /home/whoiam/projects/whook/packages/whook-cli/dist/handlers/optionsWithCORS",
    ],
    Array [
      "üö´ - Service \\"optionsWithCORSWrapped\\" not found in: /home/whoiam/projects/whook/packages/whook-example/src/handlers/optionsWithCORS",
    ],
    Array [
      "üö´ - Service \\"readDir\\" not found in: /home/whoiam/projects/whook/dist/services/readDir",
    ],
    Array [
      "üö´ - Service \\"readDir\\" not found in: /home/whoiam/projects/whook/packages/whook-aws-lambda/dist/services/readDir",
    ],
    Array [
      "üö´ - Service \\"readDir\\" not found in: /home/whoiam/projects/whook/packages/whook-cli/dist/services/readDir",
    ],
    Array [
      "üö´ - Service \\"readDir\\" not found in: /home/whoiam/projects/whook/packages/whook-cors/dist/services/readDir",
    ],
    Array [
      "üö´ - Service \\"readDir\\" not found in: /home/whoiam/projects/whook/packages/whook-example/src/services/readDir",
    ],
    Array [
      "üö´ - Service \\"uniqueId\\" not found in: /home/whoiam/projects/whook/dist/services/uniqueId",
    ],
    Array [
      "üö´ - Service \\"uniqueId\\" not found in: /home/whoiam/projects/whook/packages/whook-aws-lambda/dist/services/uniqueId",
    ],
    Array [
      "üö´ - Service \\"uniqueId\\" not found in: /home/whoiam/projects/whook/packages/whook-cli/dist/services/uniqueId",
    ],
    Array [
      "üö´ - Service \\"uniqueId\\" not found in: /home/whoiam/projects/whook/packages/whook-cors/dist/services/uniqueId",
    ],
    Array [
      "üö´ - Service \\"uniqueId\\" not found in: /home/whoiam/projects/whook/packages/whook-example/src/services/uniqueId",
    ],
    Array [
      "üõÇ - Dynamic import of: /home/whoiam/projects/whook/dist/handlers/getPing",
    ],
    Array [
      "üõÇ - Dynamic import of: /home/whoiam/projects/whook/dist/handlers/getPing.js",
    ],
    Array [
      "üõÇ - Dynamic import of: /home/whoiam/projects/whook/dist/services/BASE_URL.js",
    ],
    Array [
      "üõÇ - Dynamic import of: /home/whoiam/projects/whook/packages/whook-cors/dist/handlers/optionsWithCORS",
    ],
    Array [
      "üõÇ - Dynamic import of: /home/whoiam/projects/whook/packages/whook-cors/dist/handlers/optionsWithCORS.js",
    ],
    Array [
      "üõÇ - Dynamic import of: /home/whoiam/projects/whook/packages/whook-example/src/config/test/config",
    ],
    Array [
      "üõÇ - Dynamic import of: /home/whoiam/projects/whook/packages/whook-example/src/handlers/getDelay.ts",
    ],
    Array [
      "üõÇ - Dynamic import of: /home/whoiam/projects/whook/packages/whook-example/src/handlers/getDelay.ts",
    ],
    Array [
      "üõÇ - Dynamic import of: /home/whoiam/projects/whook/packages/whook-example/src/handlers/getDiagnostic.ts",
    ],
    Array [
      "üõÇ - Dynamic import of: /home/whoiam/projects/whook/packages/whook-example/src/handlers/getDiagnostic.ts",
    ],
    Array [
      "üõÇ - Dynamic import of: /home/whoiam/projects/whook/packages/whook-example/src/handlers/getOpenAPI.ts",
    ],
    Array [
      "üõÇ - Dynamic import of: /home/whoiam/projects/whook/packages/whook-example/src/handlers/getOpenAPI.ts",
    ],
    Array [
      "üõÇ - Dynamic import of: /home/whoiam/projects/whook/packages/whook-example/src/handlers/getTime.ts",
    ],
    Array [
      "üõÇ - Dynamic import of: /home/whoiam/projects/whook/packages/whook-example/src/handlers/getTime.ts",
    ],
    Array [
      "üõÇ - Dynamic import of: /home/whoiam/projects/whook/packages/whook-example/src/handlers/handleMessages.ts",
    ],
    Array [
      "üõÇ - Dynamic import of: /home/whoiam/projects/whook/packages/whook-example/src/handlers/handleMessages.ts",
    ],
    Array [
      "üõÇ - Dynamic import of: /home/whoiam/projects/whook/packages/whook-example/src/handlers/handleMinutes.ts",
    ],
    Array [
      "üõÇ - Dynamic import of: /home/whoiam/projects/whook/packages/whook-example/src/handlers/handleMinutes.ts",
    ],
    Array [
      "üõÇ - Dynamic import of: /home/whoiam/projects/whook/packages/whook-example/src/handlers/putEcho.ts",
    ],
    Array [
      "üõÇ - Dynamic import of: /home/whoiam/projects/whook/packages/whook-example/src/handlers/putEcho.ts",
    ],
    Array [
      "üõÇ - Dynamic import of: /home/whoiam/projects/whook/packages/whook-example/src/services/API.ts",
    ],
    Array [
      "üõÇ - Dynamic import of: /home/whoiam/projects/whook/packages/whook-example/src/services/FILTER_API_TAGS.ts",
    ],
    Array [
      "üõÇ - Dynamic import of: /home/whoiam/projects/whook/packages/whook-example/src/services/MECHANISMS.ts",
    ],
    Array [
      "üõÇ - Dynamic import of: /home/whoiam/projects/whook/packages/whook-example/src/services/QUERY_PARSER.ts",
    ],
    Array [
      "üõÇ - Dynamic import of: /home/whoiam/projects/whook/packages/whook-example/src/services/WRAPPERS.ts",
    ],
    Array [
      "üõÇ - Dynamic import of: /home/whoiam/projects/whook/packages/whook-example/src/services/authentication.ts",
    ],
    Array [
      "üõÇ - Dynamic import of: ecstatic",
    ],
    Array [
      "üõÇ - Dynamic import of: swagger-ui-dist",
    ],
    Array [
      "üõÇ - Initializing the importer!",
    ],
    Array [
      "ü§ñ - Initializing the \`$autoload\` service.",
    ],
    Array [
      "ü¶Ñ - Initializing the API service!",
    ],
  ],
  "logErrorCalls": Array [
    Array [
      "On air üöÄüåï",
    ],
    Array [
      "‚ö†Ô∏è - Using fake auth mechanism!",
    ],
    Array [
      "‚ö° - Loading configurations from /home/whoiam/projects/whook/packages/whook-example/src/config/test/config.",
    ],
    Array [
      "üéôÔ∏è - HTTP Server listening at \\"http://localhost:9999\\".",
    ],
    Array [
      "üíÅ - Serving the public API docs: http://localhost:9999/docs?url=http%3A%2F%2Flocalhost%3A9999%2Fv4%2FopenAPI",
    ],
    Array [
      "üîÇ - Running in \\"test\\" environment.",
    ],
    Array [
      "üñ• - Using an isolated env.",
    ],
  ],
  "logInfoCalls": Array [],
}
`;
